2026-04-03 21:45:02,981 | LOADER | INFO | Loading CSV from: data/uploads/SampleData.csv
2026-04-03 21:45:02,984 | LOADER | INFO | CSV Columns: ['Case Owner', 'Account Name', 'Subject', 'Date/Time Opened', 'Age (Days)', 'SubTopic', 'Topic', 'Next Steps', 'Troubleshooting StepsTaken', 'Product', 'Severity Level', 'Resolution', 'Description']
2026-04-03 21:45:02,985 | LOADER | INFO | Total records loaded: 8
2026-04-03 21:45:02,985 | LOADER | DEBUG | Sample issue records: [{'issue_text': 'product: Digital Safe | severity: Level 4 | topic: Audit Center | subtopic: Audits | subject: Audits running for over - 7-9 days | description: Audit was stuck | troubleshooting: Restarted the jboss services and Resumed the Audit', 'resolution': 'Resumed the Audit', 'next_steps': 'NA'}, {'issue_text': 'product: Digital Safe | severity: Level 4 | topic: Audit Center | subtopic: Audits | subject: Audits running for over - 7-9 days | description: Audit was stuck | troubleshooting: Restarted the jboss services and Resumed the Audit', 'resolution': 'Resumed the Audit', 'next_steps': 'NA'}]
2026-04-03 21:45:43,455 | LOADER | INFO | Loading CSV from: data/uploads/SampleData.csv
2026-04-03 21:45:43,457 | LOADER | INFO | CSV Columns: ['Case Owner', 'Account Name', 'Subject', 'Date/Time Opened', 'Age (Days)', 'SubTopic', 'Topic', 'Next Steps', 'Troubleshooting StepsTaken', 'Product', 'Severity Level', 'Resolution', 'Description']
2026-04-03 21:45:43,457 | LOADER | INFO | Total records loaded: 8
2026-04-03 21:45:43,457 | LOADER | DEBUG | Sample issue records: [{'issue_text': 'product: Digital Safe | severity: Level 4 | topic: Audit Center | subtopic: Audits | subject: Audits running for over - 7-9 days | description: Audit was stuck | troubleshooting: Restarted the jboss services and Resumed the Audit', 'resolution': 'Resumed the Audit', 'next_steps': 'NA'}, {'issue_text': 'product: Digital Safe | severity: Level 4 | topic: Audit Center | subtopic: Audits | subject: Audits running for over - 7-9 days | description: Audit was stuck | troubleshooting: Restarted the jboss services and Resumed the Audit', 'resolution': 'Resumed the Audit', 'next_steps': 'NA'}]
2026-04-03 23:26:21,964 | LOADER | INFO | Loading CSV from: data/uploads/SampleData.csv
2026-04-03 23:26:21,965 | LOADER | INFO | CSV Columns: ['Case Owner', 'Account Name', 'Subject', 'Date/Time Opened', 'Age (Days)', 'SubTopic', 'Topic', 'Next Steps', 'Troubleshooting StepsTaken', 'Product', 'Severity Level', 'Resolution', 'Description']
2026-04-03 23:26:21,966 | LOADER | INFO | Total records loaded: 8
2026-04-03 23:26:21,966 | LOADER | DEBUG | Sample issue records: [{'issue_text': 'product: Digital Safe | severity: Level 4 | topic: Audit Center | subtopic: Audits | subject: Audits running for over - 7-9 days | description: Audit was stuck | troubleshooting: Restarted the jboss services and Resumed the Audit', 'resolution': 'Resumed the Audit', 'next_steps': 'NA'}, {'issue_text': 'product: Digital Safe | severity: Level 4 | topic: Audit Center | subtopic: Audits | subject: Audits running for over - 7-9 days | description: Audit was stuck | troubleshooting: Restarted the jboss services and Resumed the Audit', 'resolution': 'Resumed the Audit', 'next_steps': 'NA'}]
2026-04-03 23:26:55,344 | LOADER | INFO | Loading CSV from: data/uploads/SampleData.csv
2026-04-03 23:26:55,345 | LOADER | INFO | CSV Columns: ['Case Owner', 'Account Name', 'Subject', 'Date/Time Opened', 'Age (Days)', 'SubTopic', 'Topic', 'Next Steps', 'Troubleshooting StepsTaken', 'Product', 'Severity Level', 'Resolution', 'Description']
2026-04-03 23:26:55,346 | LOADER | INFO | Total records loaded: 8
2026-04-03 23:26:55,346 | LOADER | DEBUG | Sample issue records: [{'issue_text': 'product: Digital Safe | severity: Level 4 | topic: Audit Center | subtopic: Audits | subject: Audits running for over - 7-9 days | description: Audit was stuck | troubleshooting: Restarted the jboss services and Resumed the Audit', 'resolution': 'Resumed the Audit', 'next_steps': 'NA'}, {'issue_text': 'product: Digital Safe | severity: Level 4 | topic: Audit Center | subtopic: Audits | subject: Audits running for over - 7-9 days | description: Audit was stuck | troubleshooting: Restarted the jboss services and Resumed the Audit', 'resolution': 'Resumed the Audit', 'next_steps': 'NA'}]
2026-04-03 23:29:42,494 | LOADER | INFO | Loading CSV from: data/uploads/SampleData.csv
2026-04-03 23:29:42,494 | LOADER | INFO | CSV Columns: ['Case Owner', 'Account Name', 'Subject', 'Date/Time Opened', 'Age (Days)', 'SubTopic', 'Topic', 'Next Steps', 'Troubleshooting StepsTaken', 'Product', 'Severity Level', 'Resolution', 'Description']
2026-04-03 23:29:42,495 | LOADER | INFO | Total records loaded: 8
2026-04-03 23:29:42,495 | LOADER | DEBUG | Sample issue records: [{'issue_text': 'product: Digital Safe | severity: Level 4 | topic: Audit Center | subtopic: Audits | subject: Audits running for over - 7-9 days | description: Audit was stuck | troubleshooting: Restarted the jboss services and Resumed the Audit', 'resolution': 'Resumed the Audit', 'next_steps': 'NA'}, {'issue_text': 'product: Digital Safe | severity: Level 4 | topic: Audit Center | subtopic: Audits | subject: Audits running for over - 7-9 days | description: Audit was stuck | troubleshooting: Restarted the jboss services and Resumed the Audit', 'resolution': 'Resumed the Audit', 'next_steps': 'NA'}]
2026-04-03 23:31:51,866 | LOADER | INFO | Loading CSV from: data/uploads/SampleData.csv
2026-04-03 23:31:51,868 | LOADER | INFO | CSV Columns: ['Case Owner', 'Account Name', 'Subject', 'Date/Time Opened', 'Age (Days)', 'SubTopic', 'Topic', 'Next Steps', 'Troubleshooting StepsTaken', 'Product', 'Severity Level', 'Resolution', 'Description']
2026-04-03 23:31:51,868 | LOADER | INFO | Total records loaded: 8
2026-04-03 23:31:51,868 | LOADER | DEBUG | Sample issue records: [{'issue_text': 'product: Digital Safe | severity: Level 4 | topic: Audit Center | subtopic: Audits | subject: Audits running for over - 7-9 days | description: Audit was stuck | troubleshooting: Restarted the jboss services and Resumed the Audit', 'resolution': 'Resumed the Audit', 'next_steps': 'NA'}, {'issue_text': 'product: Digital Safe | severity: Level 4 | topic: Audit Center | subtopic: Audits | subject: Audits running for over - 7-9 days | description: Audit was stuck | troubleshooting: Restarted the jboss services and Resumed the Audit', 'resolution': 'Resumed the Audit', 'next_steps': 'NA'}]
2026-04-04 01:10:15,782 | LOADER | INFO | Loading CSV from: data/uploads/SampleData.csv
2026-04-04 01:10:15,788 | LOADER | INFO | CSV Columns: ['Case Owner', 'Account Name', 'Subject', 'Date/Time Opened', 'Age (Days)', 'SubTopic', 'Topic', 'Next Steps', 'Troubleshooting StepsTaken', 'Product', 'Severity Level', 'Resolution', 'Description']
2026-04-04 01:10:15,789 | LOADER | INFO | Total records loaded: 8
2026-04-04 01:10:15,789 | LOADER | DEBUG | Sample issue records: [{'issue_text': 'product: Digital Safe | severity: Level 4 | topic: Audit Center | subtopic: Audits | subject: Audits running for over - 7-9 days | description: Audit was stuck | troubleshooting: Restarted the jboss services and Resumed the Audit', 'resolution': 'Resumed the Audit', 'next_steps': 'NA'}, {'issue_text': 'product: Digital Safe | severity: Level 4 | topic: Audit Center | subtopic: Audits | subject: Audits running for over - 7-9 days | description: Audit was stuck | troubleshooting: Restarted the jboss services and Resumed the Audit', 'resolution': 'Resumed the Audit', 'next_steps': 'NA'}]
2026-04-04 10:53:14,690 | LOADER | INFO | Loading CSV from: data/uploads/SampleData_bkp1.csv
2026-04-04 10:53:14,691 | LOADER | ERROR | Error loading CSV: data/uploads/SampleData_bkp1.csv
Traceback (most recent call last):
  File "/Users/durgaprasad/Documents/SFtoKB/backend/ingestion/fetch_cases.py", line 44, in load_case_records_from_csv
    logger.info("CSV Columns: %s", reader.fieldnames)
  File "/Library/Developer/CommandLineTools/Library/Frameworks/Python3.framework/Versions/3.9/lib/python3.9/csv.py", line 97, in fieldnames
    self._fieldnames = next(self.reader)
  File "/Library/Developer/CommandLineTools/Library/Frameworks/Python3.framework/Versions/3.9/lib/python3.9/codecs.py", line 322, in decode
    (result, consumed) = self._buffer_decode(data, self.errors, final)
  File "/Library/Developer/CommandLineTools/Library/Frameworks/Python3.framework/Versions/3.9/lib/python3.9/encodings/utf_8_sig.py", line 69, in _buffer_decode
    return codecs.utf_8_decode(input, errors, final)
UnicodeDecodeError: 'utf-8' codec can't decode byte 0xbd in position 700: invalid start byte
2026-04-04 11:01:22,444 | LOADER | INFO | Loading CSV from: /Users/durgaprasad/Documents/SFtoKB/backend/data/uploads/SampleData_bkp1.csv
2026-04-04 11:01:22,445 | LOADER | WARNING | Failed decoding CSV with encoding: utf-8-sig
2026-04-04 11:01:22,446 | LOADER | WARNING | Failed decoding CSV with encoding: utf-8
2026-04-04 11:01:22,446 | LOADER | INFO | CSV Columns (iso-8859-1): ['Subject', 'SubTopic', 'Topic', 'Troubleshooting Steps Taken', 'Product', 'Severity Level', 'Resolution', 'Description']
2026-04-04 11:01:22,447 | LOADER | INFO | Loaded CSV using encoding: iso-8859-1
2026-04-04 11:01:22,447 | LOADER | INFO | Total records loaded: 67
2026-04-04 11:01:22,447 | LOADER | DEBUG | Sample issue records: [{'issue_text': 'product: Enterprise Archive | severity: Level 3 | topic: Platform - ENT | subtopic: UI/Administration | subject: EA | NatWest PROD UK (eu-west2) | Participant Import - VAM AD SYNC | CSV files import status has been marked as failed on multiple occasions. | description: It appeared to look like we were only recently (past month) experiencing a few ?failed Sync?s? per day (which in the past 3 ½ years was not the norm, more like a couple a week if that) but the attached looks worrying for NatWest Prod.', 'resolution': '', 'next_steps': ''}, {'issue_text': 'product: Enterprise Archive | severity: Level 4 | topic: Platform - ENT | subtopic: UI/Administration | subject: EA | NatWest UAT UK | Particpant Sync (AD SYNC) no DHC emails being recieved / is SYNC happening? | description: Particpant Sync (AD SYNC) no DHC emails being recieved for UAT / is SYNC happening?', 'resolution': '', 'next_steps': ''}]
2026-04-05 18:36:37,794 | LOADER | INFO | Loading CSV from: SFExportedData/SampleData.csv
2026-04-05 18:36:37,796 | LOADER | INFO | CSV Columns (utf-8-sig): ['Case Owner', 'Account Name', 'Subject', 'Date/Time Opened', 'Age (Days)', 'SubTopic', 'Topic', 'Next Steps', 'Troubleshooting StepsTaken', 'Product', 'Severity Level', 'Resolution', 'Description']
2026-04-05 18:36:37,796 | LOADER | INFO | Loaded CSV using encoding: utf-8-sig
2026-04-05 18:36:37,796 | LOADER | INFO | Total records loaded: 8
2026-04-05 18:36:37,796 | LOADER | DEBUG | Sample issue records: [{'issue_text': 'product: Digital Safe | severity: Level 4 | topic: Audit Center | subtopic: Audits | subject: Audits running for over - 7-9 days | description: Audit was stuck | troubleshooting: Restarted the jboss services and Resumed the Audit', 'resolution': 'Resumed the Audit', 'next_steps': 'NA'}, {'issue_text': 'product: Digital Safe | severity: Level 4 | topic: Audit Center | subtopic: Audits | subject: Audits running for over - 7-9 days | description: Audit was stuck | troubleshooting: Restarted the jboss services and Resumed the Audit', 'resolution': 'Resumed the Audit', 'next_steps': 'NA'}]
2026-04-05 18:36:42,994 | LOADER | INFO | Loading CSV from: SFExportedData/SampleData.csv
2026-04-05 18:36:42,995 | LOADER | INFO | CSV Columns (utf-8-sig): ['Case Owner', 'Account Name', 'Subject', 'Date/Time Opened', 'Age (Days)', 'SubTopic', 'Topic', 'Next Steps', 'Troubleshooting StepsTaken', 'Product', 'Severity Level', 'Resolution', 'Description']
2026-04-05 18:36:42,995 | LOADER | INFO | Loaded CSV using encoding: utf-8-sig
2026-04-05 18:36:42,995 | LOADER | INFO | Total records loaded: 8
2026-04-05 18:36:42,995 | LOADER | DEBUG | Sample issue records: [{'issue_text': 'product: Digital Safe | severity: Level 4 | topic: Audit Center | subtopic: Audits | subject: Audits running for over - 7-9 days | description: Audit was stuck | troubleshooting: Restarted the jboss services and Resumed the Audit', 'resolution': 'Resumed the Audit', 'next_steps': 'NA'}, {'issue_text': 'product: Digital Safe | severity: Level 4 | topic: Audit Center | subtopic: Audits | subject: Audits running for over - 7-9 days | description: Audit was stuck | troubleshooting: Restarted the jboss services and Resumed the Audit', 'resolution': 'Resumed the Audit', 'next_steps': 'NA'}]
2026-04-05 18:37:16,889 | LOADER | INFO | Loading CSV from: SFExportedData/SampleData.csv
2026-04-05 18:37:16,891 | LOADER | INFO | CSV Columns (utf-8-sig): ['Case Owner', 'Account Name', 'Subject', 'Date/Time Opened', 'Age (Days)', 'SubTopic', 'Topic', 'Next Steps', 'Troubleshooting StepsTaken', 'Product', 'Severity Level', 'Resolution', 'Description']
2026-04-05 18:37:16,891 | LOADER | INFO | Loaded CSV using encoding: utf-8-sig
2026-04-05 18:37:16,891 | LOADER | INFO | Total records loaded: 8
2026-04-05 18:37:16,891 | LOADER | DEBUG | Sample issue records: [{'issue_text': 'product: Digital Safe | severity: Level 4 | topic: Audit Center | subtopic: Audits | subject: Audits running for over - 7-9 days | description: Audit was stuck | troubleshooting: Restarted the jboss services and Resumed the Audit', 'resolution': 'Resumed the Audit', 'next_steps': 'NA'}, {'issue_text': 'product: Digital Safe | severity: Level 4 | topic: Audit Center | subtopic: Audits | subject: Audits running for over - 7-9 days | description: Audit was stuck | troubleshooting: Restarted the jboss services and Resumed the Audit', 'resolution': 'Resumed the Audit', 'next_steps': 'NA'}]
